#
# There is insufficient memory for the Java Runtime Environment to continue.
# Native memory allocation (malloc) failed to allocate 32744 bytes for ChunkPool::allocate
# Possible reasons:
#   The system is out of physical RAM or swap space
#   The process is running with CompressedOops enabled, and the Java Heap may be blocking the growth of the native heap
# Possible solutions:
#   Reduce memory load on the system
#   Increase physical memory or swap space
#   Check if swap backing store is full
#   Decrease Java heap size (-Xmx/-Xms)
#   Decrease number of Java threads
#   Decrease Java thread stack sizes (-Xss)
#   Set larger code cache with -XX:ReservedCodeCacheSize=
#   JVM is running with Unscaled Compressed Oops mode in which the Java heap is
#     placed in the first 4GB address space. The Java Heap base address is the
#     maximum limit for the native heap growth. Please use -XX:HeapBaseMinAddress
#     to set the Java Heap base and to place the Java Heap above 4GB virtual address.
# This output file may be truncated or incomplete.
#
#  Out of Memory Error (./src/hotspot/share/memory/arena.cpp:81), pid=19768, tid=7176
#
# JRE version: OpenJDK Runtime Environment Temurin-11.0.14.1+1 (11.0.14.1+1) (build 11.0.14.1+1)
# Java VM: OpenJDK 64-Bit Server VM Temurin-11.0.14.1+1 (11.0.14.1+1, mixed mode, tiered, compressed oops, g1 gc, windows-amd64)
# No core dump will be written. Minidumps are not enabled by default on client versions of Windows
#

---------------  S U M M A R Y ------------

Command Line: org.gradle.launcher.GradleMain -Dorg.gradle.jvmargs=-Xmx8192m --stop

Host: Intel(R) Core(TM) i5-10210U CPU @ 1.60GHz, 8 cores, 7G,  Windows 10 , 64 bit Build 19041 (10.0.19041.5198)
Time: Thu Jan 30 14:28:22 2025 Russia TZ 2 Standard Time elapsed time: 0.576249 seconds (0d 0h 0m 0s)

---------------  T H R E A D  ---------------

Current thread (0x0000012a07623800):  JavaThread "main" [_thread_in_vm, id=7176, stack(0x0000000100600000,0x0000000100700000)]

Stack: [0x0000000100600000,0x0000000100700000]
Native frames: (J=compiled Java code, j=interpreted, Vv=VM code, C=native code)
V  [jvm.dll+0x61e59a]
V  [jvm.dll+0x7aaca9]
V  [jvm.dll+0x7ac398]
V  [jvm.dll+0x7aca73]
V  [jvm.dll+0x24f9b8]
V  [jvm.dll+0xc286b]
V  [jvm.dll+0xc2bcc]
V  [jvm.dll+0x6fea79]
V  [jvm.dll+0x7001eb]
V  [jvm.dll+0x700c88]
V  [jvm.dll+0x700e5d]
V  [jvm.dll+0x408ee4]
C  0x0000012a17856123

Java frames: (J=compiled Java code, j=interpreted, Vv=VM code)
J 626  java.lang.String.intern()Ljava/lang/String; java.base@11.0.14.1 (0 bytes) @ 0x0000012a1785608b [0x0000012a17856040+0x000000000000004b]
J 734 c1 java.lang.Class.getPackageName()Ljava/lang/String; java.base@11.0.14.1 (81 bytes) @ 0x0000012a10436474 [0x0000012a10435e20+0x0000000000000654]
j  java.lang.ClassLoader.postDefineClass(Ljava/lang/Class;Ljava/security/ProtectionDomain;)V+2 java.base@11.0.14.1
j  java.lang.ClassLoader.defineClass(Ljava/lang/String;[BIILjava/security/ProtectionDomain;)Ljava/lang/Class;+37 java.base@11.0.14.1
J 828 c1 java.net.URLClassLoader.defineClass(Ljava/lang/String;Ljdk/internal/loader/Resource;)Ljava/lang/Class; java.base@11.0.14.1 (224 bytes) @ 0x0000012a1046c234 [0x0000012a10469ea0+0x0000000000002394]
J 772 c1 java.net.URLClassLoader$1.run()Ljava/lang/Class; java.base@11.0.14.1 (81 bytes) @ 0x0000012a104469ac [0x0000012a10446840+0x000000000000016c]
J 771 c1 java.net.URLClassLoader$1.run()Ljava/lang/Object; java.base@11.0.14.1 (5 bytes) @ 0x0000012a104464c4 [0x0000012a10446440+0x0000000000000084]
v  ~StubRoutines::call_stub
J 607  java.security.AccessController.doPrivileged(Ljava/security/PrivilegedExceptionAction;Ljava/security/AccessControlContext;)Ljava/lang/Object; java.base@11.0.14.1 (0 bytes) @ 0x0000012a17854fb6 [0x0000012a17854f40+0x0000000000000076]
J 769 c1 java.net.URLClassLoader.findClass(Ljava/lang/String;)Ljava/lang/Class; java.base@11.0.14.1 (47 bytes) @ 0x0000012a10445744 [0x0000012a104455a0+0x00000000000001a4]
J 624 c1 java.lang.ClassLoader.loadClass(Ljava/lang/String;Z)Ljava/lang/Class; java.base@11.0.14.1 (122 bytes) @ 0x0000012a103fdc04 [0x0000012a103fd2e0+0x0000000000000924]
J 641 c1 java.lang.ClassLoader.loadClass(Ljava/lang/String;)Ljava/lang/Class; java.base@11.0.14.1 (7 bytes) @ 0x0000012a10405ecc [0x0000012a10405dc0+0x000000000000010c]
v  ~StubRoutines::call_stub
j  org.gradle.launcher.cli.NativeServicesInitializingAction.execute(Lorg/gradle/launcher/bootstrap/ExecutionListener;)V+9
j  org.gradle.launcher.cli.NativeServicesInitializingAction.execute(Ljava/lang/Object;)V+5
j  org.gradle.launcher.cli.ExceptionReportingAction.execute(Lorg/gradle/launcher/bootstrap/ExecutionListener;)V+5
j  org.gradle.launcher.cli.ExceptionReportingAction.execute(Ljava/lang/Object;)V+5
j  org.gradle.launcher.cli.DefaultCommandLineActionFactory$WithLogging.execute(Lorg/gradle/launcher/bootstrap/ExecutionListener;)V+299
j  org.gradle.launcher.Main.doAction([Ljava/lang/String;Lorg/gradle/launcher/bootstrap/ExecutionListener;)V+14
j  org.gradle.launcher.bootstrap.EntryPoint.run([Ljava/lang/String;)V+12
v  ~StubRoutines::call_stub
j  jdk.internal.reflect.NativeMethodAccessorImpl.invoke0(Ljava/lang/reflect/Method;Ljava/lang/Object;[Ljava/lang/Object;)Ljava/lang/Object;+0 java.base@11.0.14.1
j  jdk.internal.reflect.NativeMethodAccessorImpl.invoke(Ljava/lang/Object;[Ljava/lang/Object;)Ljava/lang/Object;+100 java.base@11.0.14.1
j  jdk.internal.reflect.DelegatingMethodAccessorImpl.invoke(Ljava/lang/Object;[Ljava/lang/Object;)Ljava/lang/Object;+6 java.base@11.0.14.1
j  java.lang.reflect.Method.invoke(Ljava/lang/Object;[Ljava/lang/Object;)Ljava/lang/Object;+59 java.base@11.0.14.1
j  org.gradle.launcher.bootstrap.ProcessBootstrap.runNoExit(Ljava/lang/String;[Ljava/lang/String;)V+159
j  org.gradle.launcher.bootstrap.ProcessBootstrap.run(Ljava/lang/String;[Ljava/lang/String;)V+2
v  ~StubRoutines::call_stub
j  jdk.internal.reflect.NativeMethodAccessorImpl.invoke0(Ljava/lang/reflect/Method;Ljava/lang/Object;[Ljava/lang/Object;)Ljava/lang/Object;+0 java.base@11.0.14.1
j  jdk.internal.reflect.NativeMethodAccessorImpl.invoke(Ljava/lang/Object;[Ljava/lang/Object;)Ljava/lang/Object;+100 java.base@11.0.14.1
j  jdk.internal.reflect.DelegatingMethodAccessorImpl.invoke(Ljava/lang/Object;[Ljava/lang/Object;)Ljava/lang/Object;+6 java.base@11.0.14.1
j  java.lang.reflect.Method.invoke(Ljava/lang/Object;[Ljava/lang/Object;)Ljava/lang/Object;+59 java.base@11.0.14.1
j  org.gradle.launcher.GradleMain.main([Ljava/lang/String;)V+100
v  ~StubRoutines::call_stub

---------------  P R O C E S S  ---------------

Threads class SMR info:
_java_thread_list=0x0000012a6706d3f0, length=12, elements={
0x0000012a07623800, 0x0000012a26577000, 0x0000012a26580000, 0x0000012a66e08800,
0x0000012a66e0a800, 0x0000012a66db2000, 0x0000012a66db7000, 0x0000012a66e10800,
0x0000012a66e12800, 0x0000012a66f81000, 0x0000012a66f7d800, 0x0000012a67410800
}

Java Threads: ( => current thread )
=>0x0000012a07623800 JavaThread "main" [_thread_in_vm, id=7176, stack(0x0000000100600000,0x0000000100700000)]
  0x0000012a26577000 JavaThread "Reference Handler" daemon [_thread_blocked, id=18144, stack(0x0000000100d00000,0x0000000100e00000)]
  0x0000012a26580000 JavaThread "Finalizer" daemon [_thread_blocked, id=17912, stack(0x0000000100e00000,0x0000000100f00000)]
  0x0000012a66e08800 JavaThread "Signal Dispatcher" daemon [_thread_blocked, id=13908, stack(0x0000000100f00000,0x0000000101000000)]
  0x0000012a66e0a800 JavaThread "Attach Listener" daemon [_thread_blocked, id=14660, stack(0x0000000101000000,0x0000000101100000)]
  0x0000012a66db2000 JavaThread "Service Thread" daemon [_thread_blocked, id=2928, stack(0x0000000101100000,0x0000000101200000)]
  0x0000012a66db7000 JavaThread "C2 CompilerThread0" daemon [_thread_in_native, id=7620, stack(0x0000000101200000,0x0000000101300000)]
  0x0000012a66e10800 JavaThread "C1 CompilerThread0" daemon [_thread_blocked, id=2108, stack(0x0000000101300000,0x0000000101400000)]
  0x0000012a66e12800 JavaThread "Sweeper thread" daemon [_thread_blocked, id=10440, stack(0x0000000101400000,0x0000000101500000)]
  0x0000012a66f81000 JavaThread "Common-Cleaner" daemon [_thread_blocked, id=2620, stack(0x0000000101600000,0x0000000101700000)]
  0x0000012a66f7d800 JavaThread "C2 CompilerThread1" daemon [_thread_in_native, id=22472, stack(0x0000000101700000,0x0000000101800000)]
  0x0000012a67410800 JavaThread "C2 CompilerThread2" daemon [_thread_blocked, id=5320, stack(0x0000000101800000,0x0000000101900000)]

Other Threads:
  0x0000012a26574800 VMThread "VM Thread" [stack: 0x0000000100c00000,0x0000000100d00000] [id=7348]
  0x0000012a66f7d000 WatcherThread [stack: 0x0000000101500000,0x0000000101600000] [id=20884]
  0x0000012a0763b800 GCTaskThread "GC Thread#0" [stack: 0x0000000100700000,0x0000000100800000] [id=9252]
  0x0000012a0766c800 ConcurrentGCThread "G1 Main Marker" [stack: 0x0000000100800000,0x0000000100900000] [id=10268]
  0x0000012a0766e800 ConcurrentGCThread "G1 Conc#0" [stack: 0x0000000100900000,0x0000000100a00000] [id=776]
  0x0000012a263da800 ConcurrentGCThread "G1 Refine#0" [stack: 0x0000000100a00000,0x0000000100b00000] [id=15864]
  0x0000012a263db000 ConcurrentGCThread "G1 Young RemSet Sampling" [stack: 0x0000000100b00000,0x0000000100c00000] [id=12892]

Threads with active compile tasks:
C2 CompilerThread0    593  849       4       java.util.jar.JarFile::getJarEntry (9 bytes)
C2 CompilerThread1    593  848       4       java.util.jar.JarFile::getEntry (22 bytes)

VM state:not at safepoint (normal execution)

VM Mutex/Monitor currently owned by a thread: None

Heap address: 0x0000000082800000, size: 2008 MB, Compressed Oops mode: 32-bit
Narrow klass base: 0x0000012a26590000, Narrow klass shift: 0
Compressed class space size: 1073741824 Address: 0x0000012a26590000

Heap:
 garbage-first heap   total 129024K, used 27648K [0x0000000082800000, 0x0000000100000000)
  region size 1024K, 23 young (23552K), 0 survivors (0K)
 Metaspace       used 9838K, capacity 10085K, committed 10368K, reserved 1058816K
  class space    used 992K, capacity 1061K, committed 1152K, reserved 1048576K
Heap Regions: E=young(eden), S=young(survivor), O=old, HS=humongous(starts), HC=humongous(continues), CS=collection set, F=free, A=archive, TAMS=top-at-mark-start (previous, next)
|   0|0x0000000082800000, 0x0000000082900000, 0x0000000082900000|100%|HS|  |TAMS 0x0000000082800000, 0x0000000082800000| Complete 
|   1|0x0000000082900000, 0x0000000082a00000, 0x0000000082a00000|100%|HC|  |TAMS 0x0000000082900000, 0x0000000082900000| Complete 
|   2|0x0000000082a00000, 0x0000000082b00000, 0x0000000082b00000|100%|HC|  |TAMS 0x0000000082a00000, 0x0000000082a00000| Complete 
|   3|0x0000000082b00000, 0x0000000082c00000, 0x0000000082c00000|100%|HS|  |TAMS 0x0000000082b00000, 0x0000000082b00000| Complete 
|   4|0x0000000082c00000, 0x0000000082d00000, 0x0000000082d00000|100%|HC|  |TAMS 0x0000000082c00000, 0x0000000082c00000| Complete 
|   5|0x0000000082d00000, 0x0000000082e00000, 0x0000000082e00000|100%|HC|  |TAMS 0x0000000082d00000, 0x0000000082d00000| Complete 
|   6|0x0000000082e00000, 0x0000000082e00000, 0x0000000082f00000|  0%| F|  |TAMS 0x0000000082e00000, 0x0000000082e00000| Untracked 
|   7|0x0000000082f00000, 0x0000000082f00000, 0x0000000083000000|  0%| F|  |TAMS 0x0000000082f00000, 0x0000000082f00000| Untracked 
|   8|0x0000000083000000, 0x0000000083000000, 0x0000000083100000|  0%| F|  |TAMS 0x0000000083000000, 0x0000000083000000| Untracked 
|   9|0x0000000083100000, 0x0000000083100000, 0x0000000083200000|  0%| F|  |TAMS 0x0000000083100000, 0x0000000083100000| Untracked 
|  10|0x0000000083200000, 0x0000000083200000, 0x0000000083300000|  0%| F|  |TAMS 0x0000000083200000, 0x0000000083200000| Untracked 
|  11|0x0000000083300000, 0x0000000083300000, 0x0000000083400000|  0%| F|  |TAMS 0x0000000083300000, 0x0000000083300000| Untracked 
|  12|0x0000000083400000, 0x0000000083400000, 0x0000000083500000|  0%| F|  |TAMS 0x0000000083400000, 0x0000000083400000| Untracked 
|  13|0x0000000083500000, 0x0000000083500000, 0x0000000083600000|  0%| F|  |TAMS 0x0000000083500000, 0x0000000083500000| Untracked 
|  14|0x0000000083600000, 0x0000000083600000, 0x0000000083700000|  0%| F|  |TAMS 0x0000000083600000, 0x0000000083600000| Untracked 
|  15|0x0000000083700000, 0x0000000083700000, 0x0000000083800000|  0%| F|  |TAMS 0x0000000083700000, 0x0000000083700000| Untracked 
|  16|0x0000000083800000, 0x0000000083800000, 0x0000000083900000|  0%| F|  |TAMS 0x0000000083800000, 0x0000000083800000| Untracked 
|  17|0x0000000083900000, 0x0000000083900000, 0x0000000083a00000|  0%| F|  |TAMS 0x0000000083900000, 0x0000000083900000| Untracked 
|  18|0x0000000083a00000, 0x0000000083a00000, 0x0000000083b00000|  0%| F|  |TAMS 0x0000000083a00000, 0x0000000083a00000| Untracked 
|  19|0x0000000083b00000, 0x0000000083b00000, 0x0000000083c00000|  0%| F|  |TAMS 0x0000000083b00000, 0x0000000083b00000| Untracked 
|  20|0x0000000083c00000, 0x0000000083c00000, 0x0000000083d00000|  0%| F|  |TAMS 0x0000000083c00000, 0x0000000083c00000| Untracked 
|  21|0x0000000083d00000, 0x0000000083d00000, 0x0000000083e00000|  0%| F|  |TAMS 0x0000000083d00000, 0x0000000083d00000| Untracked 
|  22|0x0000000083e00000, 0x0000000083e00000, 0x0000000083f00000|  0%| F|  |TAMS 0x0000000083e00000, 0x0000000083e00000| Untracked 
|  23|0x0000000083f00000, 0x0000000083f00000, 0x0000000084000000|  0%| F|  |TAMS 0x0000000083f00000, 0x0000000083f00000| Untracked 
|  24|0x0000000084000000, 0x0000000084000000, 0x0000000084100000|  0%| F|  |TAMS 0x0000000084000000, 0x0000000084000000| Untracked 
|  25|0x0000000084100000, 0x0000000084100000, 0x0000000084200000|  0%| F|  |TAMS 0x0000000084100000, 0x0000000084100000| Untracked 
|  26|0x0000000084200000, 0x0000000084200000, 0x0000000084300000|  0%| F|  |TAMS 0x0000000084200000, 0x0000000084200000| Untracked 
|  27|0x0000000084300000, 0x0000000084300000, 0x0000000084400000|  0%| F|  |TAMS 0x0000000084300000, 0x0000000084300000| Untracked 
|  28|0x0000000084400000, 0x0000000084400000, 0x0000000084500000|  0%| F|  |TAMS 0x0000000084400000, 0x0000000084400000| Untracked 
|  29|0x0000000084500000, 0x0000000084500000, 0x0000000084600000|  0%| F|  |TAMS 0x0000000084500000, 0x0000000084500000| Untracked 
|  30|0x0000000084600000, 0x0000000084600000, 0x0000000084700000|  0%| F|  |TAMS 0x0000000084600000, 0x0000000084600000| Untracked 
|  31|0x0000000084700000, 0x0000000084700000, 0x0000000084800000|  0%| F|  |TAMS 0x0000000084700000, 0x0000000084700000| Untracked 
|  32|0x0000000084800000, 0x0000000084800000, 0x0000000084900000|  0%| F|  |TAMS 0x0000000084800000, 0x0000000084800000| Untracked 
|  33|0x0000000084900000, 0x0000000084900000, 0x0000000084a00000|  0%| F|  |TAMS 0x0000000084900000, 0x0000000084900000| Untracked 
|  34|0x0000000084a00000, 0x0000000084a00000, 0x0000000084b00000|  0%| F|  |TAMS 0x0000000084a00000, 0x0000000084a00000| Untracked 
|  35|0x0000000084b00000, 0x0000000084b00000, 0x0000000084c00000|  0%| F|  |TAMS 0x0000000084b00000, 0x0000000084b00000| Untracked 
|  36|0x0000000084c00000, 0x0000000084c00000, 0x0000000084d00000|  0%| F|  |TAMS 0x0000000084c00000, 0x0000000084c00000| Untracked 
|  37|0x0000000084d00000, 0x0000000084d00000, 0x0000000084e00000|  0%| F|  |TAMS 0x0000000084d00000, 0x0000000084d00000| Untracked 
|  38|0x0000000084e00000, 0x0000000084e00000, 0x0000000084f00000|  0%| F|  |TAMS 0x0000000084e00000, 0x0000000084e00000| Untracked 
|  39|0x0000000084f00000, 0x0000000084f00000, 0x0000000085000000|  0%| F|  |TAMS 0x0000000084f00000, 0x0000000084f00000| Untracked 
|  40|0x0000000085000000, 0x0000000085000000, 0x0000000085100000|  0%| F|  |TAMS 0x0000000085000000, 0x0000000085000000| Untracked 
|  41|0x0000000085100000, 0x0000000085100000, 0x0000000085200000|  0%| F|  |TAMS 0x0000000085100000, 0x0000000085100000| Untracked 
|  42|0x0000000085200000, 0x0000000085200000, 0x0000000085300000|  0%| F|  |TAMS 0x0000000085200000, 0x0000000085200000| Untracked 
|  43|0x0000000085300000, 0x0000000085300000, 0x0000000085400000|  0%| F|  |TAMS 0x0000000085300000, 0x0000000085300000| Untracked 
|  44|0x0000000085400000, 0x0000000085400000, 0x0000000085500000|  0%| F|  |TAMS 0x0000000085400000, 0x0000000085400000| Untracked 
|  45|0x0000000085500000, 0x0000000085500000, 0x0000000085600000|  0%| F|  |TAMS 0x0000000085500000, 0x0000000085500000| Untracked 
|  46|0x0000000085600000, 0x0000000085600000, 0x0000000085700000|  0%| F|  |TAMS 0x0000000085600000, 0x0000000085600000| Untracked 
|  47|0x0000000085700000, 0x0000000085700000, 0x0000000085800000|  0%| F|  |TAMS 0x0000000085700000, 0x0000000085700000| Untracked 
|  48|0x0000000085800000, 0x0000000085800000, 0x0000000085900000|  0%| F|  |TAMS 0x0000000085800000, 0x0000000085800000| Untracked 
|  49|0x0000000085900000, 0x0000000085900000, 0x0000000085a00000|  0%| F|  |TAMS 0x0000000085900000, 0x0000000085900000| Untracked 
|  50|0x0000000085a00000, 0x0000000085a00000, 0x0000000085b00000|  0%| F|  |TAMS 0x0000000085a00000, 0x0000000085a00000| Untracked 
|  51|0x0000000085b00000, 0x0000000085b00000, 0x0000000085c00000|  0%| F|  |TAMS 0x0000000085b00000, 0x0000000085b00000| Untracked 
|  52|0x0000000085c00000, 0x0000000085c00000, 0x0000000085d00000|  0%| F|  |TAMS 0x0000000085c00000, 0x0000000085c00000| Untracked 
|  53|0x0000000085d00000, 0x0000000085d00000, 0x0000000085e00000|  0%| F|  |TAMS 0x0000000085d00000, 0x0000000085d00000| Untracked 
|  54|0x0000000085e00000, 0x0000000085e00000, 0x0000000085f00000|  0%| F|  |TAMS 0x0000000085e00000, 0x0000000085e00000| Untracked 
|  55|0x0000000085f00000, 0x0000000085f00000, 0x0000000086000000|  0%| F|  |TAMS 0x0000000085f00000, 0x0000000085f00000| Untracked 
|  56|0x0000000086000000, 0x0000000086000000, 0x0000000086100000|  0%| F|  |TAMS 0x0000000086000000, 0x0000000086000000| Untracked 
|  57|0x0000000086100000, 0x0000000086100000, 0x0000000086200000|  0%| F|  |TAMS 0x0000000086100000, 0x0000000086100000| Untracked 
|  58|0x0000000086200000, 0x0000000086200000, 0x0000000086300000|  0%| F|  |TAMS 0x0000000086200000, 0x0000000086200000| Untracked 
|  59|0x0000000086300000, 0x0000000086300000, 0x0000000086400000|  0%| F|  |TAMS 0x0000000086300000, 0x0000000086300000| Untracked 
|  60|0x0000000086400000, 0x0000000086400000, 0x0000000086500000|  0%| F|  |TAMS 0x0000000086400000, 0x0000000086400000| Untracked 
|  61|0x0000000086500000, 0x0000000086500000, 0x0000000086600000|  0%| F|  |TAMS 0x0000000086500000, 0x0000000086500000| Untracked 
|  62|0x0000000086600000, 0x0000000086600000, 0x0000000086700000|  0%| F|  |TAMS 0x0000000086600000, 0x0000000086600000| Untracked 
|  63|0x0000000086700000, 0x0000000086700000, 0x0000000086800000|  0%| F|  |TAMS 0x0000000086700000, 0x0000000086700000| Untracked 
|  64|0x0000000086800000, 0x0000000086800000, 0x0000000086900000|  0%| F|  |TAMS 0x0000000086800000, 0x0000000086800000| Untracked 
|  65|0x0000000086900000, 0x0000000086900000, 0x0000000086a00000|  0%| F|  |TAMS 0x0000000086900000, 0x0000000086900000| Untracked 
|  66|0x0000000086a00000, 0x0000000086a00000, 0x0000000086b00000|  0%| F|  |TAMS 0x0000000086a00000, 0x0000000086a00000| Untracked 
|  67|0x0000000086b00000, 0x0000000086b00000, 0x0000000086c00000|  0%| F|  |TAMS 0x0000000086b00000, 0x0000000086b00000| Untracked 
|  68|0x0000000086c00000, 0x0000000086c00000, 0x0000000086d00000|  0%| F|  |TAMS 0x0000000086c00000, 0x0000000086c00000| Untracked 
|  69|0x0000000086d00000, 0x0000000086d00000, 0x0000000086e00000|  0%| F|  |TAMS 0x0000000086d00000, 0x0000000086d00000| Untracked 
|  70|0x0000000086e00000, 0x0000000086e00000, 0x0000000086f00000|  0%| F|  |TAMS 0x0000000086e00000, 0x0000000086e00000| Untracked 
|  71|0x0000000086f00000, 0x0000000086f00000, 0x0000000087000000|  0%| F|  |TAMS 0x0000000086f00000, 0x0000000086f00000| Untracked 
|  72|0x0000000087000000, 0x0000000087000000, 0x0000000087100000|  0%| F|  |TAMS 0x0000000087000000, 0x0000000087000000| Untracked 
|  73|0x0000000087100000, 0x0000000087100000, 0x0000000087200000|  0%| F|  |TAMS 0x0000000087100000, 0x0000000087100000| Untracked 
|  74|0x0000000087200000, 0x0000000087200000, 0x0000000087300000|  0%| F|  |TAMS 0x0000000087200000, 0x0000000087200000| Untracked 
|  75|0x0000000087300000, 0x0000000087300000, 0x0000000087400000|  0%| F|  |TAMS 0x0000000087300000, 0x0000000087300000| Untracked 
|  76|0x0000000087400000, 0x0000000087400000, 0x0000000087500000|  0%| F|  |TAMS 0x0000000087400000, 0x0000000087400000| Untracked 
|  77|0x0000000087500000, 0x0000000087500000, 0x0000000087600000|  0%| F|  |TAMS 0x0000000087500000, 0x0000000087500000| Untracked 
|  78|0x0000000087600000, 0x0000000087600000, 0x0000000087700000|  0%| F|  |TAMS 0x0000000087600000, 0x0000000087600000| Untracked 
|  79|0x0000000087700000, 0x0000000087700000, 0x0000000087800000|  0%| F|  |TAMS 0x0000000087700000, 0x0000000087700000| Untracked 
|  80|0x0000000087800000, 0x0000000087800000, 0x0000000087900000|  0%| F|  |TAMS 0x0000000087800000, 0x0000000087800000| Untracked 
|  81|0x0000000087900000, 0x0000000087900000, 0x0000000087a00000|  0%| F|  |TAMS 0x0000000087900000, 0x0000000087900000| Untracked 
|  82|0x0000000087a00000, 0x0000000087a00000, 0x0000000087b00000|  0%| F|  |TAMS 0x0000000087a00000, 0x0000000087a00000| Untracked 
|  83|0x0000000087b00000, 0x0000000087b00000, 0x0000000087c00000|  0%| F|  |TAMS 0x0000000087b00000, 0x0000000087b00000| Untracked 
|  84|0x0000000087c00000, 0x0000000087c00000, 0x0000000087d00000|  0%| F|  |TAMS 0x0000000087c00000, 0x0000000087c00000| Untracked 
|  85|0x0000000087d00000, 0x0000000087d00000, 0x0000000087e00000|  0%| F|  |TAMS 0x0000000087d00000, 0x0000000087d00000| Untracked 
|  86|0x0000000087e00000, 0x0000000087e00000, 0x0000000087f00000|  0%| F|  |TAMS 0x0000000087e00000, 0x0000000087e00000| Untracked 
|  87|0x0000000087f00000, 0x0000000087f00000, 0x0000000088000000|  0%| F|  |TAMS 0x0000000087f00000, 0x0000000087f00000| Untracked 
|  88|0x0000000088000000, 0x0000000088000000, 0x0000000088100000|  0%| F|  |TAMS 0x0000000088000000, 0x0000000088000000| Untracked 
|  89|0x0000000088100000, 0x0000000088100000, 0x0000000088200000|  0%| F|  |TAMS 0x0000000088100000, 0x0000000088100000| Untracked 
|  90|0x0000000088200000, 0x0000000088200000, 0x0000000088300000|  0%| F|  |TAMS 0x0000000088200000, 0x0000000088200000| Untracked 
|  91|0x0000000088300000, 0x0000000088300000, 0x0000000088400000|  0%| F|  |TAMS 0x0000000088300000, 0x0000000088300000| Untracked 
|  92|0x0000000088400000, 0x0000000088400000, 0x0000000088500000|  0%| F|  |TAMS 0x0000000088400000, 0x0000000088400000| Untracked 
|  93|0x0000000088500000, 0x0000000088500000, 0x0000000088600000|  0%| F|  |TAMS 0x0000000088500000, 0x0000000088500000| Untracked 
|  94|0x0000000088600000, 0x0000000088600000, 0x0000000088700000|  0%| F|  |TAMS 0x0000000088600000, 0x0000000088600000| Untracked 
|  95|0x0000000088700000, 0x0000000088700000, 0x0000000088800000|  0%| F|  |TAMS 0x0000000088700000, 0x0000000088700000| Untracked 
|  96|0x0000000088800000, 0x0000000088800000, 0x0000000088900000|  0%| F|  |TAMS 0x0000000088800000, 0x0000000088800000| Untracked 
|  97|0x0000000088900000, 0x0000000088900000, 0x0000000088a00000|  0%| F|  |TAMS 0x0000000088900000, 0x0000000088900000| Untracked 
|  98|0x0000000088a00000, 0x0000000088a00000, 0x0000000088b00000|  0%| F|  |TAMS 0x0000000088a00000, 0x0000000088a00000| Untracked 
|  99|0x0000000088b00000, 0x0000000088b00000, 0x0000000088c00000|  0%| F|  |TAMS 0x0000000088b00000, 0x0000000088b00000| Untracked 
| 100|0x0000000088c00000, 0x0000000088c00000, 0x0000000088d00000|  0%| F|  |TAMS 0x0000000088c00000, 0x0000000088c00000| Untracked 
| 101|0x0000000088d00000, 0x0000000088d00000, 0x0000000088e00000|  0%| F|  |TAMS 0x0000000088d00000, 0x0000000088d00000| Untracked 
| 102|0x0000000088e00000, 0x0000000088e00000, 0x0000000088f00000|  0%| F|  |TAMS 0x0000000088e00000, 0x0000000088e00000| Untracked 
| 103|0x0000000088f00000, 0x0000000088f7ce38, 0x0000000089000000| 48%| E|  |TAMS 0x0000000088f00000, 0x0000000088f00000| Complete 
| 104|0x0000000089000000, 0x0000000089100000, 0x0000000089100000|100%| E|CS|TAMS 0x0000000089000000, 0x0000000089000000| Complete 
| 105|0x0000000089100000, 0x0000000089200000, 0x0000000089200000|100%| E|CS|TAMS 0x0000000089100000, 0x0000000089100000| Complete 
| 106|0x0000000089200000, 0x0000000089300000, 0x0000000089300000|100%| E|CS|TAMS 0x0000000089200000, 0x0000000089200000| Complete 
| 107|0x0000000089300000, 0x0000000089400000, 0x0000000089400000|100%| E|CS|TAMS 0x0000000089300000, 0x0000000089300000| Complete 
| 108|0x0000000089400000, 0x0000000089500000, 0x0000000089500000|100%| E|CS|TAMS 0x0000000089400000, 0x0000000089400000| Complete 
| 109|0x0000000089500000, 0x0000000089600000, 0x0000000089600000|100%| E|CS|TAMS 0x0000000089500000, 0x0000000089500000| Complete 
| 110|0x0000000089600000, 0x0000000089700000, 0x0000000089700000|100%| E|  |TAMS 0x0000000089600000, 0x0000000089600000| Complete 
| 111|0x0000000089700000, 0x0000000089800000, 0x0000000089800000|100%| E|CS|TAMS 0x0000000089700000, 0x0000000089700000| Complete 
| 112|0x0000000089800000, 0x0000000089900000, 0x0000000089900000|100%| E|CS|TAMS 0x0000000089800000, 0x0000000089800000| Complete 
| 113|0x0000000089900000, 0x0000000089a00000, 0x0000000089a00000|100%| E|CS|TAMS 0x0000000089900000, 0x0000000089900000| Complete 
| 114|0x0000000089a00000, 0x0000000089b00000, 0x0000000089b00000|100%| E|CS|TAMS 0x0000000089a00000, 0x0000000089a00000| Complete 
| 115|0x0000000089b00000, 0x0000000089c00000, 0x0000000089c00000|100%| E|CS|TAMS 0x0000000089b00000, 0x0000000089b00000| Complete 
| 116|0x0000000089c00000, 0x0000000089d00000, 0x0000000089d00000|100%| E|CS|TAMS 0x0000000089c00000, 0x0000000089c00000| Complete 
| 117|0x0000000089d00000, 0x0000000089e00000, 0x0000000089e00000|100%| E|CS|TAMS 0x0000000089d00000, 0x0000000089d00000| Complete 
| 118|0x0000000089e00000, 0x0000000089f00000, 0x0000000089f00000|100%| E|CS|TAMS 0x0000000089e00000, 0x0000000089e00000| Complete 
| 119|0x0000000089f00000, 0x000000008a000000, 0x000000008a000000|100%| E|CS|TAMS 0x0000000089f00000, 0x0000000089f00000| Complete 
| 120|0x000000008a000000, 0x000000008a100000, 0x000000008a100000|100%| E|CS|TAMS 0x000000008a000000, 0x000000008a000000| Complete 
| 121|0x000000008a100000, 0x000000008a200000, 0x000000008a200000|100%| E|CS|TAMS 0x000000008a100000, 0x000000008a100000| Complete 
| 122|0x000000008a200000, 0x000000008a300000, 0x000000008a300000|100%| E|CS|TAMS 0x000000008a200000, 0x000000008a200000| Complete 
| 123|0x000000008a300000, 0x000000008a400000, 0x000000008a400000|100%| E|CS|TAMS 0x000000008a300000, 0x000000008a300000| Complete 
| 124|0x000000008a400000, 0x000000008a500000, 0x000000008a500000|100%| E|CS|TAMS 0x000000008a400000, 0x000000008a400000| Complete 
| 125|0x000000008a500000, 0x000000008a600000, 0x000000008a600000|100%| E|CS|TAMS 0x000000008a500000, 0x000000008a500000| Complete 

Card table byte_map: [0x0000012a1f470000,0x0000012a1f860000] _byte_map_base: 0x0000012a1f05c000

Marking Bits (Prev, Next): (CMBitMap*) 0x0000012a07663a68, (CMBitMap*) 0x0000012a07663aa0
 Prev Bits: [0x0000012a1fc50000, 0x0000012a21bb0000)
 Next Bits: [0x0000012a21bb0000, 0x0000012a23b10000)

Polling page: 0x0000012a05520000

Metaspace:

Usage:
  Non-class:      8.81 MB capacity,     8.64 MB ( 98%) used,   167.93 KB (  2%) free+waste,    10.13 KB ( <1%) overhead. 
      Class:      1.04 MB capacity,   992.30 KB ( 94%) used,    63.95 KB (  6%) free+waste,     4.75 KB ( <1%) overhead. 
       Both:      9.85 MB capacity,     9.61 MB ( 98%) used,   231.88 KB (  2%) free+waste,    14.88 KB ( <1%) overhead. 

Virtual space:
  Non-class space:       10.00 MB reserved,       9.00 MB ( 90%) committed 
      Class space:        1.00 GB reserved,       1.13 MB ( <1%) committed 
             Both:        1.01 GB reserved,      10.13 MB ( <1%) committed 

Chunk freelists:
   Non-Class:  0 bytes
       Class:  27.00 KB
        Both:  27.00 KB

MaxMetaspaceSize: 17179869184.00 GB
CompressedClassSpaceSize: 1.00 GB
Initial GC threshold: 20.80 MB
Current GC threshold: 20.80 MB
CDS: off

CodeHeap 'non-profiled nmethods': size=120000Kb used=347Kb max_used=347Kb free=119653Kb
 bounds [0x0000012a17820000, 0x0000012a17a90000, 0x0000012a1ed50000]
CodeHeap 'profiled nmethods': size=120000Kb used=1564Kb max_used=1564Kb free=118435Kb
 bounds [0x0000012a102f0000, 0x0000012a10560000, 0x0000012a17820000]
CodeHeap 'non-nmethods': size=5760Kb used=1108Kb max_used=1132Kb free=4651Kb
 bounds [0x0000012a0fd50000, 0x0000012a0ffc0000, 0x0000012a102f0000]
 total_blobs=1202 nmethods=849 adapters=266
 compilation: enabled
              stopped_count=0, restarted_count=0
 full_count=0

Compilation events (20 events):
Event: 0.568 Thread 0x0000012a66e10800  840       3       java.util.StringTokenizer::hasMoreTokens (29 bytes)
Event: 0.568 Thread 0x0000012a66e10800 nmethod 840 0x0000012a10474290 code [0x0000012a10474440, 0x0000012a104745e8]
Event: 0.568 Thread 0x0000012a66e10800  841       3       java.util.StringTokenizer::nextToken (92 bytes)
Event: 0.568 Thread 0x0000012a66e10800 nmethod 841 0x0000012a10474690 code [0x0000012a10474880, 0x0000012a10474b98]
Event: 0.568 Thread 0x0000012a66e10800  843       3       java.lang.invoke.MethodTypeForm::canonicalize (64 bytes)
Event: 0.569 Thread 0x0000012a66e10800 nmethod 843 0x0000012a10474d10 code [0x0000012a10474f00, 0x0000012a104751e8]
Event: 0.569 Thread 0x0000012a66e10800  844       3       java.lang.invoke.MemberName::getReferenceKind (12 bytes)
Event: 0.569 Thread 0x0000012a66e10800 nmethod 844 0x0000012a10475310 code [0x0000012a104754c0, 0x0000012a104755d8]
Event: 0.569 Thread 0x0000012a66e10800  842       3       java.lang.invoke.MemberName::getInvocationType (56 bytes)
Event: 0.569 Thread 0x0000012a66e10800 nmethod 842 0x0000012a10475690 code [0x0000012a104758c0, 0x0000012a104761a8]
Event: 0.571 Thread 0x0000012a66f7d800  845       4       java.util.jar.JarFile::getEntry0 (24 bytes)
Event: 0.572 Thread 0x0000012a67410800  846       4       java.util.zip.ZipFile$1::getEntry (10 bytes)
Event: 0.572 Thread 0x0000012a66e10800  850   !   2       java.util.jar.JarFile::isMultiRelease (33 bytes)
Event: 0.572 Thread 0x0000012a66e10800 nmethod 850 0x0000012a10476410 code [0x0000012a104765c0, 0x0000012a10476748]
Event: 0.572 Thread 0x0000012a66e10800  851   !   2       jdk.internal.loader.URLClassPath$JarLoader::getResource (65 bytes)
Event: 0.572 Thread 0x0000012a67410800 nmethod 846 0x0000012a17873110 code [0x0000012a178732c0, 0x0000012a17873388]
Event: 0.572 Thread 0x0000012a67410800  847   !   4       java.util.jar.JarFile::checkForSpecialAttributes (163 bytes)
Event: 0.572 Thread 0x0000012a66f7d800 nmethod 845 0x0000012a17873490 code [0x0000012a17873640, 0x0000012a17873768]
Event: 0.572 Thread 0x0000012a66f7d800  848       4       java.util.jar.JarFile::getEntry (22 bytes)
Event: 0.573 Thread 0x0000012a66e10800 nmethod 851 0x0000012a10476810 code [0x0000012a10476a20, 0x0000012a10476ea8]

GC Heap History (0 events):
No events

Deoptimization events (20 events):
Event: 0.536 Thread 0x0000012a07623800 Uncommon trap: trap_request=0xffffffde fr.pc=0x0000012a178389ac relative=0x000000000000038c
Event: 0.536 Thread 0x0000012a07623800 Uncommon trap: reason=class_check action=maybe_recompile pc=0x0000012a178389ac method=java.util.regex.Matcher.match(II)Z @ 121 c2
Event: 0.536 Thread 0x0000012a07623800 DEOPT PACKING pc=0x0000012a178389ac sp=0x00000001006fd840
Event: 0.536 Thread 0x0000012a07623800 DEOPT UNPACKING pc=0x0000012a0fd9a1af sp=0x00000001006fd7e8 mode 2
Event: 0.537 Thread 0x0000012a07623800 Uncommon trap: trap_request=0xffffffde fr.pc=0x0000012a178389ac relative=0x000000000000038c
Event: 0.537 Thread 0x0000012a07623800 Uncommon trap: reason=class_check action=maybe_recompile pc=0x0000012a178389ac method=java.util.regex.Matcher.match(II)Z @ 121 c2
Event: 0.537 Thread 0x0000012a07623800 DEOPT PACKING pc=0x0000012a178389ac sp=0x00000001006fd6c0
Event: 0.537 Thread 0x0000012a07623800 DEOPT UNPACKING pc=0x0000012a0fd9a1af sp=0x00000001006fd668 mode 2
Event: 0.537 Thread 0x0000012a07623800 Uncommon trap: trap_request=0xffffffde fr.pc=0x0000012a178389ac relative=0x000000000000038c
Event: 0.537 Thread 0x0000012a07623800 Uncommon trap: reason=class_check action=maybe_recompile pc=0x0000012a178389ac method=java.util.regex.Matcher.match(II)Z @ 121 c2
Event: 0.537 Thread 0x0000012a07623800 DEOPT PACKING pc=0x0000012a178389ac sp=0x00000001006fd6c0
Event: 0.537 Thread 0x0000012a07623800 DEOPT UNPACKING pc=0x0000012a0fd9a1af sp=0x00000001006fd668 mode 2
Event: 0.542 Thread 0x0000012a07623800 Uncommon trap: trap_request=0xffffff4d fr.pc=0x0000012a17866454 relative=0x0000000000000214
Event: 0.542 Thread 0x0000012a07623800 Uncommon trap: reason=unstable_if action=reinterpret pc=0x0000012a17866454 method=java.util.HashMap.hash(Ljava/lang/Object;)I @ 1 c2
Event: 0.542 Thread 0x0000012a07623800 DEOPT PACKING pc=0x0000012a17866454 sp=0x00000001006fd7a0
Event: 0.542 Thread 0x0000012a07623800 DEOPT UNPACKING pc=0x0000012a0fd9a1af sp=0x00000001006fd6d8 mode 2
Event: 0.542 Thread 0x0000012a07623800 Uncommon trap: trap_request=0xffffff4d fr.pc=0x0000012a1783ca98 relative=0x0000000000000a78
Event: 0.542 Thread 0x0000012a07623800 Uncommon trap: reason=unstable_if action=reinterpret pc=0x0000012a1783ca98 method=java.io.WinNTFileSystem.resolve(Ljava/lang/String;Ljava/lang/String;)Ljava/lang/String; @ 156 c2
Event: 0.542 Thread 0x0000012a07623800 DEOPT PACKING pc=0x0000012a1783ca98 sp=0x00000001006fd600
Event: 0.542 Thread 0x0000012a07623800 DEOPT UNPACKING pc=0x0000012a0fd9a1af sp=0x00000001006fd590 mode 2

Classes redefined (0 events):
No events

Internal exceptions (5 events):
Event: 0.108 Thread 0x0000012a07623800 Exception <a 'java/lang/NoSuchMethodError'{0x000000008a309720}: 'int java.lang.invoke.DirectMethodHandle$Holder.invokeStaticInit(java.lang.Object, java.lang.Object)'> (0x000000008a309720) thrown at [./src/hotspot/share/interpreter/linkResolver.cpp, line 773]
Event: 0.154 Thread 0x0000012a07623800 Exception <a 'java/lang/NoSuchMethodError'{0x000000008a3e77d0}: 'int java.lang.invoke.DirectMethodHandle$Holder.invokeSpecial(java.lang.Object, java.lang.Object, java.lang.Object, java.lang.Object)'> (0x000000008a3e77d0) thrown at [./src/hotspot/share/interpreter/linkResolver.cpp, line 773]
Event: 0.159 Thread 0x0000012a07623800 Exception <a 'java/lang/NoSuchMethodError'{0x000000008a220178}: 'int java.lang.invoke.DirectMethodHandle$Holder.invokeSpecialIFC(java.lang.Object, java.lang.Object, int)'> (0x000000008a220178) thrown at [./src/hotspot/share/interpreter/linkResolver.cpp, line 773]
Event: 0.542 Thread 0x0000012a07623800 Implicit null exception at 0x0000012a17866275 to 0x0000012a17866444
Event: 0.572 Thread 0x0000012a07623800 Exception <a 'java/lang/NoClassDefFoundError'{0x0000000088f4fbb0}: org/slf4j/impl/StaticMarkerBinder> (0x0000000088f4fbb0) thrown at [./src/hotspot/share/classfile/systemDictionary.cpp, line 219]

Events (20 events):
Event: 0.571 loading class org/gradle/api/logging/Logging
Event: 0.571 loading class org/gradle/api/logging/Logging done
Event: 0.571 loading class org/slf4j/MarkerFactory
Event: 0.571 loading class org/slf4j/MarkerFactory done
Event: 0.572 loading class org/slf4j/IMarkerFactory
Event: 0.572 loading class org/slf4j/IMarkerFactory done
Event: 0.572 loading class org/slf4j/impl/StaticMarkerBinder
Event: 0.572 loading class org/slf4j/impl/StaticMarkerBinder done
Event: 0.572 loading class org/slf4j/helpers/BasicMarkerFactory
Event: 0.572 loading class org/slf4j/helpers/BasicMarkerFactory done
Event: 0.572 loading class org/slf4j/Marker
Event: 0.572 loading class org/slf4j/Marker done
Event: 0.573 loading class org/slf4j/helpers/BasicMarker
Event: 0.573 loading class org/slf4j/helpers/BasicMarker done
Event: 0.573 loading class org/gradle/launcher/cli/WelcomeMessageAction$1
Event: 0.573 loading class org/gradle/launcher/cli/WelcomeMessageAction$1 done
Event: 0.573 loading class org/gradle/internal/nativeintegration/services/NativeServices
Event: 0.573 loading class org/gradle/internal/nativeintegration/services/NativeServices done
Event: 0.574 loading class org/gradle/internal/nativeintegration/services/NativeServices$NativeFeatures
Event: 0.574 loading class org/gradle/internal/nativeintegration/services/NativeServices$NativeFeatures done


Dynamic libraries:
0x00007ff7c14e0000 - 0x00007ff7c14ed000 	D:\apps\Unity Hub\2022.3.57f1\Editor\Data\PlaybackEngines\AndroidPlayer\OpenJDK\bin\java.exe
0x00007ff90fc90000 - 0x00007ff90fe88000 	C:\Windows\SYSTEM32\ntdll.dll
0x00007ff90f870000 - 0x00007ff90f932000 	C:\Windows\System32\KERNEL32.DLL
0x00007ff90d350000 - 0x00007ff90d64f000 	C:\Windows\System32\KERNELBASE.dll
0x00007ff903bc0000 - 0x00007ff903c54000 	C:\Windows\SYSTEM32\apphelp.dll
0x00007ff90dba0000 - 0x00007ff90dca0000 	C:\Windows\System32\ucrtbase.dll
0x00007ff8ce200000 - 0x00007ff8ce217000 	D:\apps\Unity Hub\2022.3.57f1\Editor\Data\PlaybackEngines\AndroidPlayer\OpenJDK\bin\jli.dll
0x00007ff8e93c0000 - 0x00007ff8e93d5000 	D:\apps\Unity Hub\2022.3.57f1\Editor\Data\PlaybackEngines\AndroidPlayer\OpenJDK\bin\VCRUNTIME140.dll
0x00007ff90f6d0000 - 0x00007ff90f86d000 	C:\Windows\System32\USER32.dll
0x00007ff90d9a0000 - 0x00007ff90d9c2000 	C:\Windows\System32\win32u.dll
0x00007ff8f2c40000 - 0x00007ff8f2eda000 	C:\Windows\WinSxS\amd64_microsoft.windows.common-controls_6595b64144ccf1df_6.0.19041.4355_none_60b8b9eb71f62e16\COMCTL32.dll
0x00007ff90ee30000 - 0x00007ff90ee5b000 	C:\Windows\System32\GDI32.dll
0x00007ff90f630000 - 0x00007ff90f6ce000 	C:\Windows\System32\msvcrt.dll
0x00007ff90d6a0000 - 0x00007ff90d7b7000 	C:\Windows\System32\gdi32full.dll
0x00007ff90d850000 - 0x00007ff90d8ed000 	C:\Windows\System32\msvcp_win.dll
0x00007ff90fb10000 - 0x00007ff90fb3f000 	C:\Windows\System32\IMM32.DLL
0x00007ff889e90000 - 0x00007ff889f2b000 	D:\apps\Unity Hub\2022.3.57f1\Editor\Data\PlaybackEngines\AndroidPlayer\OpenJDK\bin\msvcp140.dll
0x00007ff870620000 - 0x00007ff8711a1000 	D:\apps\Unity Hub\2022.3.57f1\Editor\Data\PlaybackEngines\AndroidPlayer\OpenJDK\bin\server\jvm.dll
0x00007ff90f180000 - 0x00007ff90f231000 	C:\Windows\System32\ADVAPI32.dll
0x00007ff90fb40000 - 0x00007ff90fbdf000 	C:\Windows\System32\sechost.dll
0x00007ff90f940000 - 0x00007ff90fa63000 	C:\Windows\System32\RPCRT4.dll
0x00007ff90d320000 - 0x00007ff90d347000 	C:\Windows\System32\bcrypt.dll
0x00007ff90ee20000 - 0x00007ff90ee28000 	C:\Windows\System32\PSAPI.DLL
0x00007ff8ff680000 - 0x00007ff8ff6a7000 	C:\Windows\SYSTEM32\WINMM.dll
0x00007ff8dbd60000 - 0x00007ff8dbd69000 	C:\Windows\SYSTEM32\WSOCK32.dll
0x00007ff9042c0000 - 0x00007ff9042ca000 	C:\Windows\SYSTEM32\VERSION.dll
0x00007ff90fbe0000 - 0x00007ff90fc4b000 	C:\Windows\System32\WS2_32.dll
0x00007ff90b380000 - 0x00007ff90b392000 	C:\Windows\SYSTEM32\kernel.appcore.dll
0x00007ff903a30000 - 0x00007ff903a40000 	D:\apps\Unity Hub\2022.3.57f1\Editor\Data\PlaybackEngines\AndroidPlayer\OpenJDK\bin\verify.dll
0x00007ff90aa80000 - 0x00007ff90ac64000 	C:\Windows\SYSTEM32\DBGHELP.DLL
0x00007ff8f2bf0000 - 0x00007ff8f2c24000 	C:\Windows\SYSTEM32\dbgcore.DLL
0x00007ff90d7c0000 - 0x00007ff90d842000 	C:\Windows\System32\bcryptPrimitives.dll
0x00007ff8ce1d0000 - 0x00007ff8ce1f8000 	D:\apps\Unity Hub\2022.3.57f1\Editor\Data\PlaybackEngines\AndroidPlayer\OpenJDK\bin\java.dll
0x00007ff903920000 - 0x00007ff90392a000 	D:\apps\Unity Hub\2022.3.57f1\Editor\Data\PlaybackEngines\AndroidPlayer\OpenJDK\bin\jimage.dll
0x00007ff8cc200000 - 0x00007ff8cc218000 	D:\apps\Unity Hub\2022.3.57f1\Editor\Data\PlaybackEngines\AndroidPlayer\OpenJDK\bin\zip.dll
0x00007ff90e6a0000 - 0x00007ff90ee0e000 	C:\Windows\System32\SHELL32.dll
0x00007ff90b3a0000 - 0x00007ff90bb44000 	C:\Windows\SYSTEM32\windows.storage.dll
0x00007ff90dd80000 - 0x00007ff90e0d5000 	C:\Windows\System32\combase.dll
0x00007ff90cd50000 - 0x00007ff90cd7f000 	C:\Windows\SYSTEM32\Wldp.dll
0x00007ff90ef90000 - 0x00007ff90f05d000 	C:\Windows\System32\OLEAUT32.dll
0x00007ff90f3f0000 - 0x00007ff90f49d000 	C:\Windows\System32\SHCORE.dll
0x00007ff90f0c0000 - 0x00007ff90f115000 	C:\Windows\System32\shlwapi.dll
0x00007ff90d250000 - 0x00007ff90d274000 	C:\Windows\SYSTEM32\profapi.dll
0x00007ff8aead0000 - 0x00007ff8aeae9000 	D:\apps\Unity Hub\2022.3.57f1\Editor\Data\PlaybackEngines\AndroidPlayer\OpenJDK\bin\net.dll
0x00007ff904d10000 - 0x00007ff904e1d000 	C:\Windows\SYSTEM32\WINHTTP.dll
0x00007ff90cab0000 - 0x00007ff90cb1a000 	C:\Windows\system32\mswsock.dll
0x00007ff88bb60000 - 0x00007ff88bb73000 	D:\apps\Unity Hub\2022.3.57f1\Editor\Data\PlaybackEngines\AndroidPlayer\OpenJDK\bin\nio.dll

dbghelp: loaded successfully - version: 4.0.5 - missing functions: none
symbol engine: initialized successfully - sym options: 0x614 - pdb path: .;D:\apps\Unity Hub\2022.3.57f1\Editor\Data\PlaybackEngines\AndroidPlayer\OpenJDK\bin;C:\Windows\SYSTEM32;C:\Windows\WinSxS\amd64_microsoft.windows.common-controls_6595b64144ccf1df_6.0.19041.4355_none_60b8b9eb71f62e16;D:\apps\Unity Hub\2022.3.57f1\Editor\Data\PlaybackEngines\AndroidPlayer\OpenJDK\bin\server

VM Arguments:
java_command: org.gradle.launcher.GradleMain -Dorg.gradle.jvmargs=-Xmx8192m --stop
java_class_path (initial): D:\apps\Unity Hub\2022.3.57f1\Editor\Data\PlaybackEngines\AndroidPlayer\Tools\gradle\lib\gradle-launcher-7.5.1.jar
Launcher Type: SUN_STANDARD

[Global flags]
     intx CICompilerCount                          = 4                                         {product} {ergonomic}
     uint ConcGCThreads                            = 2                                         {product} {ergonomic}
     uint G1ConcRefinementThreads                  = 8                                         {product} {ergonomic}
   size_t G1HeapRegionSize                         = 1048576                                   {product} {ergonomic}
    uintx GCDrainStackTargetSize                   = 64                                        {product} {ergonomic}
   size_t InitialHeapSize                          = 132120576                                 {product} {ergonomic}
   size_t MarkStackSize                            = 4194304                                   {product} {ergonomic}
   size_t MaxHeapSize                              = 2105540608                                {product} {ergonomic}
   size_t MaxNewSize                               = 1262485504                                {product} {ergonomic}
   size_t MinHeapDeltaBytes                        = 1048576                                   {product} {ergonomic}
    uintx NonNMethodCodeHeapSize                   = 5836300                                {pd product} {ergonomic}
    uintx NonProfiledCodeHeapSize                  = 122910970                              {pd product} {ergonomic}
    uintx ProfiledCodeHeapSize                     = 122910970                              {pd product} {ergonomic}
    uintx ReservedCodeCacheSize                    = 251658240                              {pd product} {ergonomic}
     bool SegmentedCodeCache                       = true                                      {product} {ergonomic}
     bool UseCompressedClassPointers               = true                                 {lp64_product} {ergonomic}
     bool UseCompressedOops                        = true                                 {lp64_product} {ergonomic}
     bool UseG1GC                                  = true                                      {product} {ergonomic}
     bool UseLargePagesIndividualAllocation        = false                                  {pd product} {ergonomic}

Logging:
Log output configuration:
 #0: stdout all=warning uptime,level,tags
 #1: stderr all=off uptime,level,tags

Environment Variables:
JAVA_HOME=D:\apps\Unity Hub\2022.3.57f1\Editor\Data\PlaybackEngines\AndroidPlayer\OpenJDK
PATH=C:\Program Files (x86)\Common Files\Intel\Shared Libraries\redist\intel64\compiler;C:\Windows\system32;C:\Windows;C:\Windows\System32\Wbem;C:\Windows\System32\WindowsPowerShell\v1.0\;C:\Windows\System32\OpenSSH\;C:\Program Files (x86)\NVIDIA Corporation\PhysX\Common;C:\Program Files\NVIDIA Corporation\NVIDIA NvDLISR;C:\Program Files\Git\cmd;C:\Users\eaame\AppData\Local\Microsoft\WindowsApps\python.exe;C:\Program Files\dotnet\;C:\Program Files\WireGuard\;C:\Users\eaame\AppData\Local\Programs\Python\Launcher\;C:\Users\eaame\AppData\Local\Microsoft\WindowsApps;C:\Users\eaame\AppData\Local\GitHubDesktop\bin;C:\Program Files\JetBrains\PyCharm Community Edition 2024.1.1\bin;;C:\Program Files\JetBrains\PyCharm 2024.1.1\bin;;PATH TO PYTHON;
USERNAME=eaame
OS=Windows_NT
PROCESSOR_IDENTIFIER=Intel64 Family 6 Model 142 Stepping 12, GenuineIntel



---------------  S Y S T E M  ---------------

OS: Windows 10 , 64 bit Build 19041 (10.0.19041.5198)
OS uptime: 0 days 19:46 hours

CPU:total 8 (initial active 8) (4 cores per cpu, 2 threads per core) family 6 model 142 stepping 12 microcode 0xde, cmov, cx8, fxsr, mmx, sse, sse2, sse3, ssse3, sse4.1, sse4.2, popcnt, avx, avx2, aes, clmul, erms, 3dnowpref, lzcnt, ht, tsc, tscinvbit, bmi1, bmi2, adx, fma

Memory: 4k page, system-wide physical 8025M (848M free)
TotalPageFile size 22375M (AvailPageFile size 3M)
current process WorkingSet (physical memory assigned to process): 84M, peak: 85M
current process commit charge ("private bytes"): 226M, peak: 226M

vm_info: OpenJDK 64-Bit Server VM (11.0.14.1+1) for windows-amd64 JRE (11.0.14.1+1), built on Feb  9 2022 01:48:27 by "" with unknown MS VC++:1916

END.
